Traceback (most recent call last):
  File "/Users/zach/git/trio/trio/_unix_pipes.py", line 90, in send_all
    sent += os.write(self._fd_holder.fd, remaining)
BrokenPipeError: [Errno 32] Broken pipe

The above exception was the direct cause of the following exception:

Traceback (most recent call last):
  File "/Users/zach/.allotropic/vpython/tapedeck/bin/tapedeck", line 11, in <module>
    load_entry_point('tapedeck', 'console_scripts', 'tapedeck')()
  File "/Users/zach/git/trio-click/trio_click/core.py", line 825, in __call__
    return anyio.run(self._main, main, args, kwargs, backend=_anyio_backend)
  File "/Users/zach/.allotropic/python/tapedeck/lib/python3.7/site-packages/anyio/__init__.py", line 64, in run
    return asynclib.run(func, *args, **backend_options)  # type: ignore
  File "/Users/zach/git/trio/trio/_core/_run.py", line 1463, in run
    raise runner.main_task_outcome.error
  File "/Users/zach/git/trio-click/trio_click/core.py", line 828, in _main
    return await main(*args, **kwargs)
  File "/Users/zach/git/trio-click/trio_click/core.py", line 774, in main
    rv = await self.invoke(ctx)
  File "/Users/zach/git/trio-click/trio_click/core.py", line 1201, in invoke
    return await _process_result(await sub_ctx.command.invoke(sub_ctx))
  File "/Users/zach/git/trio-click/trio_click/core.py", line 1020, in invoke
    return await ctx.invoke(self.callback, **ctx.params)
  File "/Users/zach/git/trio-click/trio_click/core.py", line 614, in invoke
    rv = await rv
  File "/Users/zach/git/tapedeck/tapedeck/cli/play.py", line 98, in play
    await StreamIO(src, out).flow()
  File "/Users/zach/git/reel/reel/io.py", line 36, in flow
    receive_ch.clone()
  File "/Users/zach/git/trio/trio/_core/_run.py", line 524, in __aexit__
    raise combined_error_from_nursery
  File "/Users/zach/git/reel/reel/io.py", line 67, in receive
    await self._send_stream.send_all(chunk)
  File "/Users/zach/git/trio/trio/_unix_pipes.py", line 99, in send_all
    raise _core.BrokenResourceError from e
trio.BrokenResourceError
